// Jest Snapshot v1, https://goo.gl/fbAQLP

exports[`ChangePassword matches snapshot 1`] = `
<DocumentFragment>
  <div
    class="flex w-full bg-primary text-white px-4 py-3 mb-8 justify-center items-center"
  >
    <p
      class="mr-8 font-medium"
    >
      Practice and learn Japanese
    </p>
    <a
      href="/study-buddies"
    >
      <button
        class="drop-shadow 
                inline-flex
                items-center
                justify-center
                gap-2
                bg-white 
                text-primary-dark 
                py-2 
                px-4 
                rounded-xl
                disabled:opacity-50 text-mobile-card-header font-medium}
                hover:opacity-75"
        data-testid=""
        type="button"
      >
        <span
          class="font-medium"
        >
          Study buddies
        </span>
      </button>
    </a>
  </div>
  <div
    class="mt-8 flex flex-col justify-center items-center px-8"
  >
    <h1
      class="text-center mb-[56px] text-mobile-header-2"
    >
      Change Password
    </h1>
    <form
      action="#"
      class="flex flex-col w-full max-w-[500px] mb-12"
    >
      <div
        class="flex flex-col w-full"
      >
        <label
          class="mb-2 
            text-mobile-section-header
            font-medium"
          for="username"
        >
          Email or username
        </label>
        <input
          class="mb-2 
            rounded-ml py-3 px-4 text-black
             placeholder-gray
             undefined"
          id="username"
          name="username"
          placeholder="Sign up username or email"
          type="text"
          value=""
        />
      </div>
      <button
        class="drop-shadow 
                inline-flex
                items-center
                justify-center
                gap-2
                bg-primary border-primary 
                text-white 
                py-3 
                px-4 
                rounded-xl
                disabled:opacity-50 my-8 
                hover:opacity-75"
        data-testid=""
        type="submit"
      >
        <span
          class="font-medium"
        >
          Submit
        </span>
      </button>
    </form>
  </div>
</DocumentFragment>
`;
