// Jest Snapshot v1, https://goo.gl/fbAQLP

exports[`Dashboard displays study buddies 1`] = `
<DocumentFragment>
  <div>
    <div
      class="flex w-full bg-primary text-white px-4 py-3 mb-8 justify-center items-center"
    >
      <p
        class="mr-8 font-medium"
      >
        Learn Japanese for free
      </p>
      <a
        href="/study-buddies"
      >
        <button
          class="drop-shadow 
                inline-flex
                items-center
                justify-center
                gap-2
                bg-white 
                text-primary-dark 
                py-2 
                px-4 
                rounded-xl
                disabled:opacity-50 text-mobile-card-header font-medium}
                hover:opacity-75"
          data-testid=""
          type="button"
        >
          <span
            class="font-medium"
          >
            Study buddy board
          </span>
        </button>
      </a>
    </div>
    <h2
      class="py-2 my-2 text-primary-dark font-medium text-mobile-page-header px-4 text-center "
      data-testid="wait-for-pagetext"
    >
      Explore the community
    </h2>
    <p
      class="mb-10 text-center group"
    >
      <a
        class="hover:text-gray-text hover:underline hover:underline-offset-4"
        href="/faq"
      >
        Learn how to use Pebbles
      </a>
       
      <span
        class="group-hover:text-gray-text"
      >
        <svg
          aria-hidden="true"
          class="svg-inline--fa fa-arrow-right-long fa-1x "
          data-icon="arrow-right-long"
          data-prefix="fas"
          focusable="false"
          role="img"
          viewBox="0 0 512 512"
          xmlns="http://www.w3.org/2000/svg"
        >
          <path
            d="M502.6 278.6c12.5-12.5 12.5-32.8 0-45.3l-128-128c-12.5-12.5-32.8-12.5-45.3 0s-12.5 32.8 0 45.3L402.7 224 32 224c-17.7 0-32 14.3-32 32s14.3 32 32 32l370.7 0-73.4 73.4c-12.5 12.5-12.5 32.8 0 45.3s32.8 12.5 45.3 0l128-128z"
            fill="currentColor"
          />
        </svg>
      </span>
    </p>
    <div
      class="flex flex-col pt-2 pb-12 bg-primary-super-light"
    >
      <div
        class="flex items-center justify-center flex-1"
      >
        <div
          class="w-full  flex flex-col"
        >
          <h3
            class="grow px-4 py-2 text-mobile-section-header font-medium}"
          >
            Newest Study Buddies
          </h3>
          <div
            class=" my-24"
          >
            <div
              class="w-full flex justify-center"
            >
              <div
                class="inline-block h-8 w-8 rounded-full animate-spin border-r-4 border-t-4 border-l-4  align-[-0.125em] motion-reduce:animate-[spin_1.5s_linear_infinite]"
                role="status"
              >
                <span
                  class="!absolute !-m-px !h-px !w-px !overflow-hidden !whitespace-nowrap !border-0 !p-0 ![clip:rect(0,0,0,0)]"
                >
                  Loading...
                </span>
              </div>
            </div>
          </div>
        </div>
      </div>
    </div>
    <div
      class="flex flex-col pt-2 pb-12 bg-regional-background"
    >
      <div
        class="flex items-center justify-center flex-1"
      >
        <div
          class="w-full  flex flex-col"
        >
          <h3
            class="grow px-4 py-2 text-mobile-section-header font-medium}"
          >
            Newest from Regional Information Center
          </h3>
          <div
            class="my-12"
          >
            <div
              class="text-center "
            >
              <span>
                Under construction. Please be patient!
              </span>
              <p>
                <a
                  class="hover:text-gray-text hover:underline hover:underline-offset-4"
                  href="/"
                />
              </p>
            </div>
          </div>
        </div>
      </div>
    </div>
    <div
      class="flex flex-col pt-2 pb-12 bg-accent-very-light"
    >
      <div
        class="flex items-center justify-center flex-1"
      >
        <div
          class="w-full  flex flex-col"
        >
          <h3
            class="grow px-4 py-2 text-mobile-section-header font-medium}"
          >
            Newest from Japanese Town
          </h3>
          <div
            class="my-12"
          >
            <div
              class="text-center "
            >
              <span>
                Under construction. Please be patient!
              </span>
              <p>
                <a
                  class="hover:text-gray-text hover:underline hover:underline-offset-4"
                  href="/"
                />
              </p>
            </div>
          </div>
        </div>
      </div>
    </div>
    <div
      class="flex flex-col pt-2 pb-12 bg-marketplace-background"
    >
      <div
        class="flex items-center justify-center flex-1"
      >
        <div
          class="w-full  flex flex-col"
        >
          <h3
            class="grow px-4 py-2 text-mobile-section-header font-medium}"
          >
            Newest from Marketplace
          </h3>
          <div
            class="my-12"
          >
            <div
              class="text-center "
            >
              <span>
                Under construction. Please be patient!
              </span>
              <p>
                <a
                  class="hover:text-gray-text hover:underline hover:underline-offset-4"
                  href="/"
                />
              </p>
            </div>
          </div>
        </div>
      </div>
    </div>
  </div>
</DocumentFragment>
`;

exports[`Dashboard matches snapshot 1`] = `
<DocumentFragment>
  <div>
    <div
      class="flex w-full bg-primary text-white px-4 py-3 mb-8 justify-center items-center"
    >
      <p
        class="mr-8 font-medium"
      >
        Learn Japanese for free
      </p>
      <a
        href="/study-buddies"
      >
        <button
          class="drop-shadow 
                inline-flex
                items-center
                justify-center
                gap-2
                bg-white 
                text-primary-dark 
                py-2 
                px-4 
                rounded-xl
                disabled:opacity-50 text-mobile-card-header font-medium}
                hover:opacity-75"
          data-testid=""
          type="button"
        >
          <span
            class="font-medium"
          >
            Study buddy board
          </span>
        </button>
      </a>
    </div>
    <h2
      class="py-2 my-2 text-primary-dark font-medium text-mobile-page-header px-4 text-center "
      data-testid="wait-for-pagetext"
    >
      Explore the community
    </h2>
    <p
      class="mb-10 text-center group"
    >
      <a
        class="hover:text-gray-text hover:underline hover:underline-offset-4"
        href="/faq"
      >
        Learn how to use Pebbles
      </a>
       
      <span
        class="group-hover:text-gray-text"
      >
        <svg
          aria-hidden="true"
          class="svg-inline--fa fa-arrow-right-long fa-1x "
          data-icon="arrow-right-long"
          data-prefix="fas"
          focusable="false"
          role="img"
          viewBox="0 0 512 512"
          xmlns="http://www.w3.org/2000/svg"
        >
          <path
            d="M502.6 278.6c12.5-12.5 12.5-32.8 0-45.3l-128-128c-12.5-12.5-32.8-12.5-45.3 0s-12.5 32.8 0 45.3L402.7 224 32 224c-17.7 0-32 14.3-32 32s14.3 32 32 32l370.7 0-73.4 73.4c-12.5 12.5-12.5 32.8 0 45.3s32.8 12.5 45.3 0l128-128z"
            fill="currentColor"
          />
        </svg>
      </span>
    </p>
    <div
      class="flex flex-col pt-2 pb-12 bg-primary-super-light"
    >
      <div
        class="flex items-center justify-center flex-1"
      >
        <div
          class="w-full  flex flex-col"
        >
          <h3
            class="grow px-4 py-2 text-mobile-section-header font-medium}"
          >
            Newest Study Buddies
          </h3>
          <div
            class=" my-24"
          >
            <div
              class="w-full flex justify-center"
            >
              <div
                class="inline-block h-8 w-8 rounded-full animate-spin border-r-4 border-t-4 border-l-4  align-[-0.125em] motion-reduce:animate-[spin_1.5s_linear_infinite]"
                role="status"
              >
                <span
                  class="!absolute !-m-px !h-px !w-px !overflow-hidden !whitespace-nowrap !border-0 !p-0 ![clip:rect(0,0,0,0)]"
                >
                  Loading...
                </span>
              </div>
            </div>
          </div>
        </div>
      </div>
    </div>
    <div
      class="flex flex-col pt-2 pb-12 bg-regional-background"
    >
      <div
        class="flex items-center justify-center flex-1"
      >
        <div
          class="w-full  flex flex-col"
        >
          <h3
            class="grow px-4 py-2 text-mobile-section-header font-medium}"
          >
            Newest from Regional Information Center
          </h3>
          <div
            class="my-12"
          >
            <div
              class="text-center "
            >
              <span>
                Under construction. Please be patient!
              </span>
              <p>
                <a
                  class="hover:text-gray-text hover:underline hover:underline-offset-4"
                  href="/"
                />
              </p>
            </div>
          </div>
        </div>
      </div>
    </div>
    <div
      class="flex flex-col pt-2 pb-12 bg-accent-very-light"
    >
      <div
        class="flex items-center justify-center flex-1"
      >
        <div
          class="w-full  flex flex-col"
        >
          <h3
            class="grow px-4 py-2 text-mobile-section-header font-medium}"
          >
            Newest from Japanese Town
          </h3>
          <div
            class="my-12"
          >
            <div
              class="text-center "
            >
              <span>
                Under construction. Please be patient!
              </span>
              <p>
                <a
                  class="hover:text-gray-text hover:underline hover:underline-offset-4"
                  href="/"
                />
              </p>
            </div>
          </div>
        </div>
      </div>
    </div>
    <div
      class="flex flex-col pt-2 pb-12 bg-marketplace-background"
    >
      <div
        class="flex items-center justify-center flex-1"
      >
        <div
          class="w-full  flex flex-col"
        >
          <h3
            class="grow px-4 py-2 text-mobile-section-header font-medium}"
          >
            Newest from Marketplace
          </h3>
          <div
            class="my-12"
          >
            <div
              class="text-center "
            >
              <span>
                Under construction. Please be patient!
              </span>
              <p>
                <a
                  class="hover:text-gray-text hover:underline hover:underline-offset-4"
                  href="/"
                />
              </p>
            </div>
          </div>
        </div>
      </div>
    </div>
  </div>
</DocumentFragment>
`;
