// Jest Snapshot v1, https://goo.gl/fbAQLP

exports[`Logout matches snapshot 1`] = `
<DocumentFragment>
  <div
    class="flex items-center flex-col py-24 border-t-2 border-gray"
  >
    <p
      class="mb-8 text-mobile-page-header"
    >
      You are logged out.
    </p>
    <a
      class="hover:text-gray-text hover:underline hover:underline-offset-4"
      href="/login"
    >
      Log back in
    </a>
  </div>
</DocumentFragment>
`;
