// Jest Snapshot v1, https://goo.gl/fbAQLP

exports[`SavedMain matches snapshot 1`] = `
<DocumentFragment>
  <div
    class="px-2 border-t border-t-gray-stroke"
  >
    <div
      class="flex flex-col justify-center mb-12"
    >
      <h1
        class="my-3 py-4 px-2 text-center text-mobile-header-2 font-bold text-primary-dark"
        data-testid="pageTitle"
      >
        Saved items
      </h1>
      <div
        class="shrink-0 flex flex-wrap gap-8 mx-8 justify-center "
      >
        <div
          class="flex justify-center"
        >
          <a
            href="/users"
          >
            <div
              class="drop-shadow-md shrink-0 relative w-[200px] h-[200px] rounded-ml bg-usersSquare bg-cover flex flex-col items-center justify-center"
            >
              <div
                class="bg-white/50 absolute rounded-ml w-full h-full"
              />
              <span
                class="drop-shadow-xl text-center z-10 text-primary-dark text-mobile-page-header font-medium bg-white/75 px-2 rounded-sm w-full py-2"
              >
                Users
              </span>
            </div>
          </a>
        </div>
        <div
          class="flex justify-center"
        >
          <a
            href="/"
          >
            <div
              class="drop-shadow-md shrink-0 relative w-[200px] h-[200px] rounded-ml bg-markeplaceSquare opacity-50 cursor-default bg-cover flex flex-col items-center justify-center"
            >
              <div
                class="bg-white/50 absolute rounded-ml w-full h-full"
              />
              <span
                class="drop-shadow-xl text-center z-10 text-primary-dark text-mobile-page-header font-medium bg-white/75 px-2 rounded-sm w-full py-2"
              >
                Marketplace items
              </span>
            </div>
          </a>
        </div>
        <div
          class="flex justify-center"
        >
          <a
            href="/"
          >
            <div
              class="drop-shadow-md shrink-0 relative w-[200px] h-[200px] rounded-ml bg-regionalSquare opacity-50 cursor-default bg-cover flex flex-col items-center justify-center"
            >
              <div
                class="bg-white/50 absolute rounded-ml w-full h-full"
              />
              <span
                class="drop-shadow-xl text-center z-10 text-primary-dark text-mobile-page-header font-medium bg-white/75 px-2 rounded-sm w-full py-2"
              >
                Regional info center resources
              </span>
            </div>
          </a>
        </div>
        <div
          class="flex justify-center"
        >
          <a
            href="/"
          >
            <div
              class="drop-shadow-md shrink-0 relative w-[200px] h-[200px] rounded-ml bg-regionalParisSquare opacity-50 cursor-default bg-cover flex flex-col items-center justify-center"
            >
              <div
                class="bg-white/50 absolute rounded-ml w-full h-full"
              />
              <span
                class="drop-shadow-xl text-center z-10 text-primary-dark text-mobile-page-header font-medium bg-white/75 px-2 rounded-sm w-full py-2"
              >
                Regional info center groups
              </span>
            </div>
          </a>
        </div>
        <div
          class="flex justify-center"
        >
          <a
            href="/"
          >
            <div
              class="drop-shadow-md shrink-0 relative w-[200px] h-[200px] rounded-ml bg-learningSquare opacity-50 cursor-default bg-cover flex flex-col items-center justify-center"
            >
              <div
                class="bg-white/50 absolute rounded-ml w-full h-full"
              />
              <span
                class="drop-shadow-xl text-center z-10 text-primary-dark text-mobile-page-header font-medium bg-white/75 px-2 rounded-sm w-full py-2"
              >
                Japanese town resources
              </span>
            </div>
          </a>
        </div>
        <div
          class="flex justify-center"
        >
          <a
            href="/"
          >
            <div
              class="drop-shadow-md shrink-0 relative w-[200px] h-[200px] rounded-ml bg-learningGlobeSquare opacity-50 cursor-default bg-cover flex flex-col items-center justify-center"
            >
              <div
                class="bg-white/50 absolute rounded-ml w-full h-full"
              />
              <span
                class="drop-shadow-xl text-center z-10 text-primary-dark text-mobile-page-header font-medium bg-white/75 px-2 rounded-sm w-full py-2"
              >
                Japanese town groups
              </span>
            </div>
          </a>
        </div>
      </div>
    </div>
  </div>
</DocumentFragment>
`;
