// Jest Snapshot v1, https://goo.gl/fbAQLP

exports[`SetPassword matches snapshot 1`] = `
<DocumentFragment>
  <div
    class="flex w-full bg-primary text-white px-4 py-3 mb-8 justify-center items-center"
  >
    <p
      class="mr-8 font-medium"
    >
      Practice and learn Japanese
    </p>
    <a
      href="/study-buddies"
    >
      <button
        class="drop-shadow 
                inline-flex
                items-center
                justify-center
                gap-2
                bg-white 
                text-primary-dark 
                py-2 
                px-4 
                rounded-xl
                disabled:opacity-50 text-mobile-card-header font-medium}
                hover:opacity-75"
        data-testid=""
        type="button"
      >
        <span
          class="font-medium"
        >
          Study buddies
        </span>
      </button>
    </a>
  </div>
  <div
    class="mt-8 flex flex-col justify-center items-center px-2 md:px-8"
  >
    <h1
      class="text-center mb-4 text-mobile-header-2"
    >
      Reset password
    </h1>
    <p
      class="text-center mb-[56px]"
    >
      Experiencing errors?
      <a
        class="hover:text-gray-text hover:underline hover:underline-offset-4 ms-1"
        href="/change-password"
      >
        Click here to request for a new link.
      </a>
    </p>
    <form
      action="#"
      class="flex flex-col w-full max-w-[500px] mb-12"
    >
      <div
        class="flex flex-col w-full"
      >
        <label
          class="mb-2 
            text-mobile-section-header
            font-medium"
          for="password"
        >
          Password
        </label>
        <input
          class="mb-2 
            rounded-ml py-3 px-4 text-black
             placeholder-gray
             undefined"
          id="password"
          name="password"
          placeholder=""
          type="password"
          value=""
        />
      </div>
      <div
        class="flex flex-col w-full"
      >
        <label
          class="mb-2 
            text-mobile-section-header
            font-medium"
          for="password_check"
        >
          Re-enter password
        </label>
        <input
          class="mb-2 
            rounded-ml py-3 px-4 text-black
             placeholder-gray
             undefined"
          id="password_check"
          name="password_check"
          placeholder=""
          type="password"
          value=""
        />
      </div>
      <button
        class="drop-shadow 
                inline-flex
                items-center
                justify-center
                gap-2
                bg-primary border-primary 
                text-white 
                py-3 
                px-4 
                rounded-xl
                disabled:opacity-50 mt-12 mb-4
                hover:opacity-75"
        data-testid="data-testid=resetPassword"
        type="submit"
      >
        <span
          class="font-medium"
        >
          Reset password
        </span>
      </button>
    </form>
  </div>
</DocumentFragment>
`;
